::1 - - [16/Sep/2026 01:24:37] "GET /app.js HTTP/1.1" 200 -
::1 - - [16/Sep/2026 01:26:10] "GET /app.js HTTP/1.1" 200 -
::1 - - [16/Sep/2026 01:26:10] code 404, message File not found
::1 - - [16/Sep/2026 01:26:10] "GET /favicon.ico HTTP/1.1" 404 -
::1 - - [16/Sep/2026 01:26:44] "GET / HTTP/1.1" 200 -
::1 - - [16/Sep/2026 01:26:44] "GET /app.js HTTP/1.1" 200 -
::1 - - [16/Sep/2026 01:26:44] "GET /style.css HTTP/1.1" 200 -
::1 - - [16/Sep/2026 01:26:44] "GET /icons/icon-192.png HTTP/1.1" 200 -
::1 - - [16/Sep/2026 01:26:44] "GET /sw.js HTTP/1.1" 200 -
::1 - - [16/Sep/2026 01:26:44] "GET / HTTP/1.1" 200 -
::1 - - [16/Sep/2026 01:26:44] "GET /index.html HTTP/1.1" 200 -
::1 - - [16/Sep/2026 01:26:44] "GET /manifest.json HTTP/1.1" 200 -
::1 - - [16/Sep/2026 01:26:44] "GET /icons/icon-512.png HTTP/1.1" 200 -
::1 - - [16/Sep/2026 01:28:13] "GET /sw.js HTTP/1.1" 304 -
::1 - - [16/Sep/2026 01:28:47] "GET /sw.js HTTP/1.1" 304 -
::1 - - [16/Sep/2026 01:30:34] "GET /sw.js HTTP/1.1" 304 -
::1 - - [16/Sep/2026 01:30:55] "GET /sw.js HTTP/1.1" 304 -
::1 - - [16/Sep/2026 01:38:32] "GET /sw.js HTTP/1.1" 304 -
::1 - - [16/Sep/2026 01:39:03] "GET /sw.js HTTP/1.1" 304 -
::1 - - [16/Sep/2026 01:39:05] "GET /sw.js HTTP/1.1" 304 -
::1 - - [16/Sep/2026 01:43:29] "GET /sw.js HTTP/1.1" 200 -
::1 - - [16/Sep/2026 01:43:29] "GET /app.js HTTP/1.1" 200 -
::1 - - [16/Sep/2026 01:43:30] "GET /app.js HTTP/1.1" 304 -
::1 - - [16/Sep/2026 01:43:32] "GET /sw.js HTTP/1.1" 304 -
::1 - - [16/Sep/2026 01:44:03] "GET /sw.js HTTP/1.1" 304 -
